Turbo Assembler	 Version 4.1	    12/03/23 14:23:29	    Page 1
pr1.asm



      1	0000			     .model small
      2	0000			     .data
      3	0000  57 65 6C 63 6F 6D	65+  m1	db "Welcome friends. The message is print successfully $"
      4	      20 66 72 69 65 6E	64+
      5	      73 2E 20 54 68 65	20+
      6	      6D 65 73 73 61 67	65+
      7	      20 69 73 20 70 72	69+
      8	      6E 74 20 73 75 63	63+
      9	      65 73 73 66 75 6C	6C+
     10	      79 20 24
     11	0034  53 75 63 6B 20 6D	79+  m2	db "Suck my dick $"
     12	      20 64 69 63 6B 20	24
     13	0042  46 75 63 6B 20 79	6F+  m3	db "Fuck you bitch $", 10
     14	      75 20 62 69 74 63	68+
     15	      20 24 0A
     16
     17	0053			     .code
     18				     .startup
1    19	0000			     @Startup:
1    20	0000  BA 0000s			     MOV     DX,@data
1    21	0003  8E DA			     MOV     DS,DX
1    22	0005  8C D3			     MOV     BX,SS
1    23	0007  2B DA			     SUB     BX,DX
1    24	0009  D1 E3 D1 E3 D1 E3	D1+	     SHL     BX,4
     25	      E3
1    26	0011  FA			     CLI
1    27	0012  8E D2			     MOV     SS,DX
1    28	0014  03 E3			     ADD     SP,BX
1    29	0016  FB			     STI
     30	0017  B8 0000s		     mov ax, @data
     31	001A  8E D8		     mov ds, ax
     32
     33	001C  BA 0000r		     mov dx, offset m1
     34	001F  B4 09		     mov ah, 09h
     35	0021  CD 21		     int 21h
     36
     37	0023  B2 0A		     mov dl, 10
     38	0025  B4 02		     mov ah, 02h
     39	0027  CD 21		     int 21h
     40	0029  B2 0D		     MOV dl, 13
     41	002B  B4 02		     MOV ah, 02h
     42	002D  CD 21		     INT 21h
     43
     44
     45	002F  BA 0034r		     mov dx, offset m2
     46	0032  B4 09		     mov ah, 09h
     47	0034  CD 21		     int 21h
     48
     49	0036  B2 0A		     MOV dl, 10
     50	0038  B4 02		     MOV ah, 02h
     51	003A  CD 21		     INT 21h
     52	003C  B2 0D		     MOV dl, 13
     53	003E  B4 02		     MOV ah, 02h
     54	0040  CD 21		     INT 21h
     55
     56	0042  BA 0042r		     mov dx, offset m3
     57	0045  B4 09		     mov ah, 09h
Turbo Assembler	 Version 4.1	    12/03/23 14:23:29	    Page 2
pr1.asm



     58	0047  CD 21		     int 21h
     59
     60	0049  B2 0A		     MOV dl, 10
     61	004B  B4 02		     MOV ah, 02h
     62	004D  CD 21		     INT 21h
     63	004F  B2 0D		     MOV dl, 13
     64	0051  B4 02		     MOV ah, 02h
     65	0053  CD 21		     INT 21h
     66
     67	0055  B4 4C		     mov ah, 4ch
     68	0057  CD 21		     int 21h
     69				     end
Turbo Assembler	 Version 4.1	    12/03/23 14:23:29	    Page 3
Symbol Table




Symbol Name			  Type	 Value

??DATE				  Text	 "12/03/23"
??FILENAME			  Text	 "pr1	  "
??TIME				  Text	 "14:23:29"
??VERSION			  Number 040A
@32BIT				  Text	 0
@CODE				  Text	 _TEXT
@CODESIZE			  Text	 0
@CPU				  Text	 0101H
@CURSEG				  Text	 _TEXT
@DATA				  Text	 DGROUP
@DATASIZE			  Text	 0
@FILENAME			  Text	 PR1
@INTERFACE			  Text	 000H
@MODEL				  Text	 2
@STACK				  Text	 DGROUP
@STARTUP			  Near	 _TEXT:0000
@WORDSIZE			  Text	 2
M1				  Byte	 DGROUP:0000
M2				  Byte	 DGROUP:0034
M3				  Byte	 DGROUP:0042

Groups & Segments		  Bit Size Align  Combine Class

DGROUP				  Group
  _DATA				  16  0053 Word	  Public  DATA
_TEXT				  16  0059 Word	  Public  CODE
